============================================================
SYSTEM BASELINE REPORT
Generated At : 2026-02-27 16:27:49
Hostname     : susi-pt8230
============================================================

===== CPU LOAD SUMMARY =====
Timestamp: 2026-02-27 16:27:49

 16:27:49 up 9 days,  3:51,  1 user,  load average: 0.47, 0.47, 0.37

--- Top 5 CPU Consuming Processes ---
    PID    PPID USER     CMD                         %CPU %MEM
 825792  825785 susi-pt+ ps -eo pid,ppid,user,cmd,%c  100  0.0
 353329    6327 susi-pt+ /snap/firefox/7836/usr/lib/  2.3  3.0
 694719  353514 susi-pt+ /snap/firefox/7836/usr/lib/  2.2  5.8
   6327    6029 susi-pt+ /usr/bin/gnome-shell         1.5  1.5
 762668  353514 susi-pt+ /snap/firefox/7836/usr/lib/  0.7  1.0

===== MEMORY USAGE SUMMARY =====
Timestamp: 2026-02-27 16:27:49

               total        used        free      shared  buff/cache   available
Mem:            30Gi       7.7Gi       5.6Gi        89Mi        15Gi        22Gi
Swap:           14Gi          0B        14Gi

--- Key Memory Metrics (/proc/meminfo) ---
MemTotal:       32007712 kB
MemFree:         5887812 kB
MemAvailable:   23891100 kB
Buffers:           18652 kB
Cached:         16444936 kB
SwapCached:            0 kB
SwapTotal:      15728636 kB
SwapFree:       15728636 kB

===== DISK USAGE SUMMARY =====
Timestamp: 2026-02-27 16:27:49

Filesystem             Type      Size  Used Avail Use% Mounted on
tmpfs                  tmpfs     3.1G  2.7M  3.1G   1% /run
/dev/mapper/crypt-root btrfs     160G   30G  126G  19% /
tmpfs                  tmpfs      16G  4.0K   16G   1% /dev/shm
tmpfs                  tmpfs     5.0M   12K  5.0M   1% /run/lock
efivarfs               efivarfs  440K  177K  258K  41% /sys/firmware/efi/efivars
tmpfs                  tmpfs      16G   19M   16G   1% /tmp
/dev/nvme0n1p2         btrfs     2.0G  213M  1.6G  12% /boot
/dev/nvme0n1p1         vfat      2.0G  6.2M  2.0G   1% /boot/efi
/dev/mapper/crypt-home btrfs     310G  1.9G  307G   1% /home
tmpfs                  tmpfs     3.1G  6.1M  3.1G   1% /run/user/1001

--- Top 5 Disk Consumers in /var ---
4.1G	/var
3.5G	/var/lib
2.8G	/var/lib/snapd
1.7G	/var/lib/snapd/snaps
1.2G	/var/lib/snapd/seed/snaps

===== PROCESS SUMMARY =====
Timestamp: 2026-02-27 16:27:49

Total Processes:
551

--- Process State Distribution ---
    251 I
      1 R
    299 S
      2 Z

===== LONGEST RUNNING PROCESSES =====
Timestamp: 2026-02-27 16:27:49

    PID    PPID USER     CMD                             ELAPSED
      1       0 root     /sbin/init splash            9-03:51:36
      2       0 root     [kthreadd]                   9-03:51:36
      3       2 root     [pool_workqueue_release]     9-03:51:36
      4       2 root     [kworker/R-rcu_gp]           9-03:51:36
      5       2 root     [kworker/R-sync_wq]          9-03:51:36
      6       2 root     [kworker/R-kvfree_rcu_recla  9-03:51:36
      7       2 root     [kworker/R-slub_flushwq]     9-03:51:36
      8       2 root     [kworker/R-netns]            9-03:51:36
     11       2 root     [kworker/0:0H-events_highpr  9-03:51:36

===== PROCESS CLASSIFICATION =====
Timestamp: 2026-02-27 16:27:49

--- System-Related Processes (UID < 1000) ---
      1 root     /sbin/init splash
      2 root     [kthreadd]
      3 root     [pool_workqueue_release]
      4 root     [kworker/R-rcu_gp]
      5 root     [kworker/R-sync_wq]
      6 root     [kworker/R-kvfree_rcu_reclaim]
      7 root     [kworker/R-slub_flushwq]
      8 root     [kworker/R-netns]
     11 root     [kworker/0:0H-events_highpri]
     13 root     [kworker/R-mm_percpu_wq]


--- User-Initiated Processes (UID >= 1000) ---
    PID USER     CMD
   3280 systemd+ /usr/lib/systemd/systemd-oomd
   3289 systemd+ /usr/lib/systemd/systemd-resolved
   3435 message+ @dbus-daemon --system --address=systemd: --nofork --nopidfile --systemd-activation --syslog-only
   3439 gnome-r+ /usr/libexec/gnome-remote-desktop-daemon --system
   3639 syslog   /usr/sbin/rsyslogd -n -iNONE
   4326 kernoops /usr/sbin/kerneloops --test
   4332 kernoops /usr/sbin/kerneloops
   4687 postfix  qmgr -l -t unix -u
   4755 rtkit    /usr/libexec/rtkit-daemon

============================================================
